main.c:135:6:uart_gpio_init	32	static
main.c:153:6:uart_init	16	static
main.c:186:6:debugPrintln	24	static
main.c:197:5:main	32	static
main.c:281:6:SystemClock_Config	232	static
main.c:335:13:MX_SPI2_Init	8	static
main.c:374:13:MX_TIM1_Init	56	static
main.c:425:13:MX_TIM2_Init	48	static
main.c:474:13:MX_TIM3_Init	48	static
main.c:523:13:MX_TIM4_Init	56	static
main.c:572:13:MX_USART2_UART_Init	16	static
main.c:619:13:MX_GPIO_Init	48	static
main.c:669:6:setup	12	static
main.c:730:6:HAL_UART_RxCpltCallback	16	static
main.c:763:6:Error_Handler	4	static
